// Jest Snapshot v1, https://goo.gl/fbAQLP

exports[`HelloWorld.vue ListItem Mounts a vue component 1`] = `
<b-link href="https://stackoverflow.com/questions/70145607/fabricjs-how-to-double-click-a-pictureor-rect-to-edit-text-and-name-it">
  <b-list-group-item class="pb-0 m-2"><strong>fabricjs how to double-click a picture(or rect) to edit text and name it</strong>
    <div class="d-flex justify-content-between align-items-center">
      <div class="d-flex align-items-center py-2">
        <b-avatar size="sm" variant="info" src="https://www.gravatar.com/avatar/bf1c05f996518af72f17a8ce45ec01b9?s=256&amp;d=identicon&amp;r=PG" class="mx-2"></b-avatar> <span class="m-2 mr-auto">standly</span>
      </div>
      <div class="px-2">28/11/2021</div>
    </div>
  </b-list-group-item>
</b-link>
`;

exports[`Home component ListItem Mounts a vue component 1`] = `
<a href="https://stackoverflow.com/questions/70145607/fabricjs-how-to-double-click-a-pictureor-rect-to-edit-text-and-name-it" target="_self" class="">
  <div class="list-group-item pb-0 m-2"><strong>fabricjs how to double-click a picture(or rect) to edit text and name it</strong>
    <div class="d-flex justify-content-between align-items-center">
      <div class="d-flex align-items-center py-2"><span class="b-avatar mx-2 b-avatar-sm badge-info rounded-circle"><span class="b-avatar-img"><img src="https://www.gravatar.com/avatar/bf1c05f996518af72f17a8ce45ec01b9?s=256&amp;d=identicon&amp;r=PG" alt="avatar"></span>
        <!----></span> <span class="m-2 mr-auto">standly</span>
      </div>
      <div class="px-2">28/11/2021</div>
    </div>
  </div>
</a>
`;
